// Jest Snapshot v1, https://goo.gl/fbAQLP

exports[`Button Component should render correcty 1`] = `
.c0 {
  background-color: #2e2e2e;
  color: #fff;
}

<button
  className="c0"
  onClick={[MockFunction]}
>
  Button
</button>
`;
