// Jest Snapshot v1, https://goo.gl/fbAQLP

exports[`Example Page should render correcty 1`] = `
.c0 {
  display: -webkit-box;
  display: -webkit-flex;
  display: -ms-flexbox;
  display: flex;
  -webkit-align-items: center;
  -webkit-box-align: center;
  -ms-flex-align: center;
  align-items: center;
  -webkit-box-pack: center;
  -webkit-justify-content: center;
  -ms-flex-pack: center;
  justify-content: center;
  min-height: 100vh;
}

<div
  className="c0"
>
  <h1>
    Example
  </h1>
</div>
`;
